#
# There is insufficient memory for the Java Runtime Environment to continue.
# Native memory allocation (malloc) failed to allocate 652016 bytes. Error detail: Chunk::new
# Possible reasons:
#   The system is out of physical RAM or swap space
#   This process is running with CompressedOops enabled, and the Java Heap may be blocking the growth of the native heap
# Possible solutions:
#   Reduce memory load on the system
#   Increase physical memory or swap space
#   Check if swap backing store is full
#   Decrease Java heap size (-Xmx/-Xms)
#   Decrease number of Java threads
#   Decrease Java thread stack sizes (-Xss)
#   Set larger code cache with -XX:ReservedCodeCacheSize=
#   JVM is running with Unscaled Compressed Oops mode in which the Java heap is
#     placed in the first 4GB address space. The Java Heap base address is the
#     maximum limit for the native heap growth. Please use -XX:HeapBaseMinAddress
#     to set the Java Heap base and to place the Java Heap above 4GB virtual address.
# This output file may be truncated or incomplete.
#
#  Out of Memory Error (arena.cpp:191), pid=6544, tid=7032
#
# JRE version: OpenJDK Runtime Environment Temurin-17.0.12+7 (17.0.12+7) (build 17.0.12+7)
# Java VM: OpenJDK 64-Bit Server VM Temurin-17.0.12+7 (17.0.12+7, mixed mode, tiered, compressed oops, compressed class ptrs, parallel gc, windows-amd64)
# No core dump will be written. Minidumps are not enabled by default on client versions of Windows
#

---------------  S U M M A R Y ------------

Command Line: --add-modules=ALL-SYSTEM --add-opens=java.base/java.util=ALL-UNNAMED --add-opens=java.base/java.lang=ALL-UNNAMED --add-opens=java.base/sun.nio.fs=ALL-UNNAMED -Declipse.application=org.eclipse.jdt.ls.core.id1 -Dosgi.bundles.defaultStartLevel=4 -Declipse.product=org.eclipse.jdt.ls.core.product -Djava.import.generatesMetadataFilesAtProjectRoot=false -DDetectVMInstallationsJob.disabled=true -Dfile.encoding=utf8 -XX:+UseParallelGC -XX:GCTimeRatio=4 -XX:AdaptiveSizePolicyWeight=90 -Dsun.zip.disableMemoryMapping=true -Xmx1G -Xms100m -Xlog:disable -javaagent:c:\Users\santo\.vscode\extensions\redhat.java-1.35.1-win32-x64\lombok\lombok-1.18.33.jar -XX:+HeapDumpOnOutOfMemoryError -XX:HeapDumpPath=c:\Users\santo\AppData\Roaming\Code\User\workspaceStorage\fbb62f2c35dd047b5a784133595301f3\redhat.java -Daether.dependencyCollector.impl=bf c:\Users\santo\.vscode\extensions\redhat.java-1.35.1-win32-x64\server\plugins\org.eclipse.equinox.launcher_1.6.900.v20240613-2009.jar -configuration c:\Users\santo\AppData\Roaming\Code\User\globalStorage\redhat.java\1.35.1\config_win -data c:\Users\santo\AppData\Roaming\Code\User\workspaceStorage\fbb62f2c35dd047b5a784133595301f3\redhat.java\jdt_ws --pipe=\\.\pipe\lsp-bdd7f8acb20c798b35ac4efb6f9edd87-sock

Host: AMD Ryzen 3 4300U with Radeon Graphics         , 4 cores, 7G,  Windows 11 , 64 bit Build 22621 (10.0.22621.3958)
Time: Fri Oct  4 18:26:47 2024 Hora estándar de Argentina elapsed time: 6.494812 seconds (0d 0h 0m 6s)

---------------  T H R E A D  ---------------

Current thread (0x00000153f9042890):  JavaThread "C2 CompilerThread0" daemon [_thread_in_native, id=7032, stack(0x00000048e8300000,0x00000048e8400000)]


Current CompileTask:
C2:   6494 3802       4       java.util.zip.ZipFile$Source::initCEN (591 bytes)

Stack: [0x00000048e8300000,0x00000048e8400000]
Native frames: (J=compiled Java code, j=interpreted, Vv=VM code, C=native code)
V  [jvm.dll+0x67f929]
V  [jvm.dll+0x8371ba]
V  [jvm.dll+0x838c7e]
V  [jvm.dll+0x8392e3]
V  [jvm.dll+0x24834f]
V  [jvm.dll+0xac9d4]
V  [jvm.dll+0xad01c]
V  [jvm.dll+0x367452]
V  [jvm.dll+0x33197a]
V  [jvm.dll+0x330e1a]
V  [jvm.dll+0x21a8b1]
V  [jvm.dll+0x219cf1]
V  [jvm.dll+0x1a58bd]
V  [jvm.dll+0x229a2d]
V  [jvm.dll+0x227bdc]
V  [jvm.dll+0x7ec1f7]
V  [jvm.dll+0x7e65dc]
V  [jvm.dll+0x67e7f7]
C  [ucrtbase.dll+0x29333]
C  [KERNEL32.DLL+0x1257d]
C  [ntdll.dll+0x5af28]


---------------  P R O C E S S  ---------------

Threads class SMR info:
_java_thread_list=0x00000153ff46b2a0, length=23, elements={
0x00000153e51cff80, 0x00000153f9010030, 0x00000153f9011010, 0x00000153f903df10,
0x00000153f903e8e0, 0x00000153f903f3b0, 0x00000153f9041c90, 0x00000153f9042890,
0x00000153f905e990, 0x00000153fe28c710, 0x00000153e5232130, 0x00000153fe508270,
0x00000153fecda020, 0x00000153ff3998f0, 0x00000153fee09ce0, 0x00000153ff6fc730,
0x00000153ff723d20, 0x00000153ff792020, 0x00000153ff6c6810, 0x00000153ff6c53d0,
0x00000153ff6c6300, 0x00000153ff6c44a0, 0x00000153fe91a1a0
}

Java Threads: ( => current thread )
  0x00000153e51cff80 JavaThread "main" [_thread_blocked, id=14648, stack(0x00000048e7a00000,0x00000048e7b00000)]
  0x00000153f9010030 JavaThread "Reference Handler" daemon [_thread_blocked, id=9320, stack(0x00000048e7d00000,0x00000048e7e00000)]
  0x00000153f9011010 JavaThread "Finalizer" daemon [_thread_blocked, id=2172, stack(0x00000048e7e00000,0x00000048e7f00000)]
  0x00000153f903df10 JavaThread "Signal Dispatcher" daemon [_thread_blocked, id=14936, stack(0x00000048e7f00000,0x00000048e8000000)]
  0x00000153f903e8e0 JavaThread "Attach Listener" daemon [_thread_blocked, id=8224, stack(0x00000048e8000000,0x00000048e8100000)]
  0x00000153f903f3b0 JavaThread "Service Thread" daemon [_thread_blocked, id=15244, stack(0x00000048e8100000,0x00000048e8200000)]
  0x00000153f9041c90 JavaThread "Monitor Deflation Thread" daemon [_thread_blocked, id=16388, stack(0x00000048e8200000,0x00000048e8300000)]
=>0x00000153f9042890 JavaThread "C2 CompilerThread0" daemon [_thread_in_native, id=7032, stack(0x00000048e8300000,0x00000048e8400000)]
  0x00000153f905e990 JavaThread "C1 CompilerThread0" daemon [_thread_in_native, id=7492, stack(0x00000048e8400000,0x00000048e8500000)]
  0x00000153fe28c710 JavaThread "Sweeper thread" daemon [_thread_blocked, id=14584, stack(0x00000048e8500000,0x00000048e8600000)]
  0x00000153e5232130 JavaThread "Common-Cleaner" daemon [_thread_blocked, id=3592, stack(0x00000048e8600000,0x00000048e8700000)]
  0x00000153fe508270 JavaThread "Notification Thread" daemon [_thread_blocked, id=3580, stack(0x00000048e8700000,0x00000048e8800000)]
  0x00000153fecda020 JavaThread "Active Thread: Equinox Container: c8d8a69b-8f55-4079-9b76-d6172372e014" [_thread_blocked, id=17792, stack(0x00000048e8d00000,0x00000048e8e00000)]
  0x00000153ff3998f0 JavaThread "Framework Event Dispatcher: Equinox Container: c8d8a69b-8f55-4079-9b76-d6172372e014" daemon [_thread_blocked, id=15068, stack(0x00000048e8e00000,0x00000048e8f00000)]
  0x00000153fee09ce0 JavaThread "Start Level: Equinox Container: c8d8a69b-8f55-4079-9b76-d6172372e014" daemon [_thread_in_native, id=16720, stack(0x00000048e8f00000,0x00000048e9000000)]
  0x00000153ff6fc730 JavaThread "Bundle File Closer" daemon [_thread_blocked, id=18292, stack(0x00000048e8c00000,0x00000048e8d00000)]
  0x00000153ff723d20 JavaThread "SCR Component Actor" daemon [_thread_blocked, id=16372, stack(0x00000048e9000000,0x00000048e9100000)]
  0x00000153ff792020 JavaThread "SCR Component Registry" daemon [_thread_blocked, id=2000, stack(0x00000048e9100000,0x00000048e9200000)]
  0x00000153ff6c6810 JavaThread "Worker-JM" [_thread_blocked, id=15944, stack(0x00000048e9200000,0x00000048e9300000)]
  0x00000153ff6c53d0 JavaThread "JNA Cleaner" daemon [_thread_blocked, id=17800, stack(0x00000048e9300000,0x00000048e9400000)]
  0x00000153ff6c6300 JavaThread "Worker-0" [_thread_blocked, id=3240, stack(0x00000048e9400000,0x00000048e9500000)]
  0x00000153ff6c44a0 JavaThread "Worker-1" [_thread_blocked, id=9040, stack(0x00000048e9500000,0x00000048e9600000)]
  0x00000153fe91a1a0 JavaThread "C2 CompilerThread1" daemon [_thread_in_native, id=17780, stack(0x00000048e9600000,0x00000048e9700000)]

Other Threads:
  0x00000153e527eb10 VMThread "VM Thread" [stack: 0x00000048e7c00000,0x00000048e7d00000] [id=11468]
  0x00000153fe50c3e0 WatcherThread [stack: 0x00000048e8800000,0x00000048e8900000] [id=17216]
  0x00000153e51e5250 GCTaskThread "GC Thread#0" [stack: 0x00000048e7b00000,0x00000048e7c00000] [id=13632]
  0x00000153fec53110 GCTaskThread "GC Thread#1" [stack: 0x00000048e8900000,0x00000048e8a00000] [id=13480]
  0x00000153fec533d0 GCTaskThread "GC Thread#2" [stack: 0x00000048e8a00000,0x00000048e8b00000] [id=17092]
  0x00000153fec52840 GCTaskThread "GC Thread#3" [stack: 0x00000048e8b00000,0x00000048e8c00000] [id=12764]

Threads with active compile tasks:
C2 CompilerThread0     6518 3802       4       java.util.zip.ZipFile$Source::initCEN (591 bytes)
C1 CompilerThread0     6518 3825       3       org.lombokweb.asm.MethodVisitor::<init> (79 bytes)
C2 CompilerThread1     6518 3821       4       org.lombokweb.asm.ClassReader::readUTF8 (23 bytes)

VM state: not at safepoint (normal execution)

VM Mutex/Monitor currently owned by a thread: None

Heap address: 0x00000000c0000000, size: 1024 MB, Compressed Oops mode: 32-bit

CDS archive(s) not mapped
Compressed class space mapped at: 0x0000000100000000-0x0000000140000000, reserved size: 1073741824
Narrow klass base: 0x0000000000000000, Narrow klass shift: 3, Narrow klass range: 0x140000000

GC Precious Log:
 CPUs: 4 total, 4 available
 Memory: 7541M
 Large Page Support: Disabled
 NUMA Support: Disabled
 Compressed Oops: Enabled (32-bit)
 Alignments: Space 512K, Generation 512K, Heap 2M
 Heap Min Capacity: 100M
 Heap Initial Capacity: 100M
 Heap Max Capacity: 1G
 Pre-touch: Disabled
 Parallel Workers: 4

Heap:
 PSYoungGen      total 27136K, used 11741K [0x00000000eab00000, 0x00000000ecb00000, 0x0000000100000000)
  eden space 24576K, 37% used [0x00000000eab00000,0x00000000eb3f7df0,0x00000000ec300000)
  from space 2560K, 99% used [0x00000000ec580000,0x00000000ec7ff850,0x00000000ec800000)
  to   space 3072K, 0% used [0x00000000ec800000,0x00000000ec800000,0x00000000ecb00000)
 ParOldGen       total 68608K, used 11450K [0x00000000c0000000, 0x00000000c4300000, 0x00000000eab00000)
  object space 68608K, 16% used [0x00000000c0000000,0x00000000c0b2eaf0,0x00000000c4300000)
 Metaspace       used 28720K, committed 29504K, reserved 1114112K
  class space    used 2949K, committed 3264K, reserved 1048576K

Card table byte_map: [0x00000153e4b60000,0x00000153e4d70000] _byte_map_base: 0x00000153e4560000

Marking Bits: (ParMarkBitMap*) 0x00007fff3f9958b0
 Begin Bits: [0x00000153f6e60000, 0x00000153f7e60000)
 End Bits:   [0x00000153f7e60000, 0x00000153f8e60000)

Polling page: 0x00000153e3170000

Metaspace:

Usage:
  Non-class:     25.17 MB used.
      Class:      2.88 MB used.
       Both:     28.05 MB used.

Virtual space:
  Non-class space:       64.00 MB reserved,      25.62 MB ( 40%) committed,  1 nodes.
      Class space:        1.00 GB reserved,       3.19 MB ( <1%) committed,  1 nodes.
             Both:        1.06 GB reserved,      28.81 MB (  3%) committed. 

Chunk freelists:
   Non-Class:  5.88 MB
       Class:  12.77 MB
        Both:  18.65 MB

MaxMetaspaceSize: unlimited
CompressedClassSpaceSize: 1.00 GB
Initial GC threshold: 21.00 MB
Current GC threshold: 35.00 MB
CDS: off
MetaspaceReclaimPolicy: balanced
 - commit_granule_bytes: 65536.
 - commit_granule_words: 8192.
 - virtual_space_node_default_size: 8388608.
 - enlarge_chunks_in_place: 1.
 - new_chunks_are_fully_committed: 0.
 - uncommit_free_chunks: 1.
 - use_allocation_guard: 0.
 - handle_deallocations: 1.


Internal statistics:

num_allocs_failed_limit: 3.
num_arena_births: 574.
num_arena_deaths: 0.
num_vsnodes_births: 2.
num_vsnodes_deaths: 0.
num_space_committed: 461.
num_space_uncommitted: 0.
num_chunks_returned_to_freelist: 3.
num_chunks_taken_from_freelist: 1449.
num_chunk_merges: 0.
num_chunk_splits: 897.
num_chunks_enlarged: 538.
num_inconsistent_stats: 0.

CodeHeap 'non-profiled nmethods': size=120000Kb used=1604Kb max_used=1604Kb free=118395Kb
 bounds [0x00000153ef930000, 0x00000153efba0000, 0x00000153f6e60000]
CodeHeap 'profiled nmethods': size=120000Kb used=8121Kb max_used=8121Kb free=111879Kb
 bounds [0x00000153e7e60000, 0x00000153e8650000, 0x00000153ef390000]
CodeHeap 'non-nmethods': size=5760Kb used=1219Kb max_used=1266Kb free=4540Kb
 bounds [0x00000153ef390000, 0x00000153ef600000, 0x00000153ef930000]
 total_blobs=4354 nmethods=3826 adapters=442
 compilation: enabled
              stopped_count=0, restarted_count=0
 full_count=0

Compilation events (20 events):
Event: 6.444 Thread 0x00000153f905e990 3801       3       org.eclipse.core.runtime.Path::segment (17 bytes)
Event: 6.445 Thread 0x00000153f905e990 nmethod 3801 0x00000153e8635510 code [0x00000153e86356c0, 0x00000153e8635878]
Event: 6.446 Thread 0x00000153f9042890 3802       4       java.util.zip.ZipFile$Source::initCEN (591 bytes)
Event: 6.447 Thread 0x00000153f905e990 3803       3       aQute.bnd.stream.MapStream::empty (7 bytes)
Event: 6.447 Thread 0x00000153f905e990 nmethod 3803 0x00000153e8635990 code [0x00000153e8635b80, 0x00000153e8636158]
Event: 6.447 Thread 0x00000153f905e990 3804       3       aQute.bnd.stream.EntryPipeline::filterKey (28 bytes)
Event: 6.448 Thread 0x00000153f905e990 nmethod 3804 0x00000153e8636390 code [0x00000153e8636600, 0x00000153e8637238]
Event: 6.449 Thread 0x00000153f905e990 3805       3       java.lang.ClassLoader::getClassLoadingLock (35 bytes)
Event: 6.449 Thread 0x00000153f905e990 nmethod 3805 0x00000153e8637690 code [0x00000153e8637840, 0x00000153e8637ba8]
Event: 6.452 Thread 0x00000153fe91a1a0 3806       4       java.lang.ClassLoader::loadClass (7 bytes)
Event: 6.452 Thread 0x00000153fe91a1a0 nmethod 3806 0x00000153efabf710 code [0x00000153efabf880, 0x00000153efabf918]
Event: 6.486 Thread 0x00000153f905e990 3808       1       java.lang.invoke.MethodHandle::internalForm (5 bytes)
Event: 6.486 Thread 0x00000153f905e990 nmethod 3808 0x00000153efabfd10 code [0x00000153efabfea0, 0x00000153efabff78]
Event: 6.486 Thread 0x00000153f905e990 3809       3       java.lang.invoke.BoundMethodHandle$Species_L::make (11 bytes)
Event: 6.486 Thread 0x00000153f905e990 nmethod 3809 0x00000153e8637d10 code [0x00000153e8637ec0, 0x00000153e86380c8]
Event: 6.488 Thread 0x00000153f905e990 3811       3       java.util.TreeMap::colorOf (13 bytes)
Event: 6.488 Thread 0x00000153f905e990 nmethod 3811 0x00000153e8638210 code [0x00000153e86383a0, 0x00000153e86384f8]
Event: 6.489 Thread 0x00000153f905e990 3812       3       java.lang.Double::parseDouble (5 bytes)
Event: 6.489 Thread 0x00000153f905e990 nmethod 3812 0x00000153e8638590 code [0x00000153e8638740, 0x00000153e8638978]
Event: 6.489 Thread 0x00000153f905e990 3814   !   3       jdk.internal.math.FloatingDecimal::readJavaFormatString (827 bytes)

GC Heap History (16 events):
Event: 1.551 GC heap before
{Heap before GC invocations=1 (full 0):
 PSYoungGen      total 29696K, used 25600K [0x00000000eab00000, 0x00000000ecc00000, 0x0000000100000000)
  eden space 25600K, 100% used [0x00000000eab00000,0x00000000ec400000,0x00000000ec400000)
  from space 4096K, 0% used [0x00000000ec800000,0x00000000ec800000,0x00000000ecc00000)
  to   space 4096K, 0% used [0x00000000ec400000,0x00000000ec400000,0x00000000ec800000)
 ParOldGen       total 68608K, used 0K [0x00000000c0000000, 0x00000000c4300000, 0x00000000eab00000)
  object space 68608K, 0% used [0x00000000c0000000,0x00000000c0000000,0x00000000c4300000)
 Metaspace       used 10984K, committed 11200K, reserved 1114112K
  class space    used 1093K, committed 1216K, reserved 1048576K
}
Event: 1.563 GC heap after
{Heap after GC invocations=1 (full 0):
 PSYoungGen      total 29696K, used 3172K [0x00000000eab00000, 0x00000000ecc00000, 0x0000000100000000)
  eden space 25600K, 0% used [0x00000000eab00000,0x00000000eab00000,0x00000000ec400000)
  from space 4096K, 77% used [0x00000000ec400000,0x00000000ec719340,0x00000000ec800000)
  to   space 4096K, 0% used [0x00000000ec800000,0x00000000ec800000,0x00000000ecc00000)
 ParOldGen       total 68608K, used 0K [0x00000000c0000000, 0x00000000c4300000, 0x00000000eab00000)
  object space 68608K, 0% used [0x00000000c0000000,0x00000000c0000000,0x00000000c4300000)
 Metaspace       used 10984K, committed 11200K, reserved 1114112K
  class space    used 1093K, committed 1216K, reserved 1048576K
}
Event: 2.555 GC heap before
{Heap before GC invocations=2 (full 0):
 PSYoungGen      total 29696K, used 28762K [0x00000000eab00000, 0x00000000ecc00000, 0x0000000100000000)
  eden space 25600K, 99% used [0x00000000eab00000,0x00000000ec3fd4f8,0x00000000ec400000)
  from space 4096K, 77% used [0x00000000ec400000,0x00000000ec719340,0x00000000ec800000)
  to   space 4096K, 0% used [0x00000000ec800000,0x00000000ec800000,0x00000000ecc00000)
 ParOldGen       total 68608K, used 0K [0x00000000c0000000, 0x00000000c4300000, 0x00000000eab00000)
  object space 68608K, 0% used [0x00000000c0000000,0x00000000c0000000,0x00000000c4300000)
 Metaspace       used 14576K, committed 14784K, reserved 1114112K
  class space    used 1460K, committed 1600K, reserved 1048576K
}
Event: 2.561 GC heap after
{Heap after GC invocations=2 (full 0):
 PSYoungGen      total 29696K, used 4084K [0x00000000eab00000, 0x00000000ecc00000, 0x0000000100000000)
  eden space 25600K, 0% used [0x00000000eab00000,0x00000000eab00000,0x00000000ec400000)
  from space 4096K, 99% used [0x00000000ec800000,0x00000000ecbfd000,0x00000000ecc00000)
  to   space 4096K, 0% used [0x00000000ec400000,0x00000000ec400000,0x00000000ec800000)
 ParOldGen       total 68608K, used 1423K [0x00000000c0000000, 0x00000000c4300000, 0x00000000eab00000)
  object space 68608K, 2% used [0x00000000c0000000,0x00000000c0163eb0,0x00000000c4300000)
 Metaspace       used 14576K, committed 14784K, reserved 1114112K
  class space    used 1460K, committed 1600K, reserved 1048576K
}
Event: 3.491 GC heap before
{Heap before GC invocations=3 (full 0):
 PSYoungGen      total 29696K, used 29684K [0x00000000eab00000, 0x00000000ecc00000, 0x0000000100000000)
  eden space 25600K, 100% used [0x00000000eab00000,0x00000000ec400000,0x00000000ec400000)
  from space 4096K, 99% used [0x00000000ec800000,0x00000000ecbfd000,0x00000000ecc00000)
  to   space 4096K, 0% used [0x00000000ec400000,0x00000000ec400000,0x00000000ec800000)
 ParOldGen       total 68608K, used 1423K [0x00000000c0000000, 0x00000000c4300000, 0x00000000eab00000)
  object space 68608K, 2% used [0x00000000c0000000,0x00000000c0163eb0,0x00000000c4300000)
 Metaspace       used 16138K, committed 16384K, reserved 1114112K
  class space    used 1621K, committed 1728K, reserved 1048576K
}
Event: 3.498 GC heap after
{Heap after GC invocations=3 (full 0):
 PSYoungGen      total 29696K, used 4086K [0x00000000eab00000, 0x00000000ecc00000, 0x0000000100000000)
  eden space 25600K, 0% used [0x00000000eab00000,0x00000000eab00000,0x00000000ec400000)
  from space 4096K, 99% used [0x00000000ec400000,0x00000000ec7fd838,0x00000000ec800000)
  to   space 4096K, 0% used [0x00000000ec800000,0x00000000ec800000,0x00000000ecc00000)
 ParOldGen       total 68608K, used 5344K [0x00000000c0000000, 0x00000000c4300000, 0x00000000eab00000)
  object space 68608K, 7% used [0x00000000c0000000,0x00000000c0538398,0x00000000c4300000)
 Metaspace       used 16138K, committed 16384K, reserved 1114112K
  class space    used 1621K, committed 1728K, reserved 1048576K
}
Event: 4.265 GC heap before
{Heap before GC invocations=4 (full 0):
 PSYoungGen      total 29696K, used 29686K [0x00000000eab00000, 0x00000000ecc00000, 0x0000000100000000)
  eden space 25600K, 100% used [0x00000000eab00000,0x00000000ec400000,0x00000000ec400000)
  from space 4096K, 99% used [0x00000000ec400000,0x00000000ec7fd838,0x00000000ec800000)
  to   space 4096K, 0% used [0x00000000ec800000,0x00000000ec800000,0x00000000ecc00000)
 ParOldGen       total 68608K, used 5344K [0x00000000c0000000, 0x00000000c4300000, 0x00000000eab00000)
  object space 68608K, 7% used [0x00000000c0000000,0x00000000c0538398,0x00000000c4300000)
 Metaspace       used 19612K, committed 19968K, reserved 1114112K
  class space    used 1982K, committed 2112K, reserved 1048576K
}
Event: 4.269 GC heap after
{Heap after GC invocations=4 (full 0):
 PSYoungGen      total 29696K, used 4094K [0x00000000eab00000, 0x00000000ecc00000, 0x0000000100000000)
  eden space 25600K, 0% used [0x00000000eab00000,0x00000000eab00000,0x00000000ec400000)
  from space 4096K, 99% used [0x00000000ec800000,0x00000000ecbffbd0,0x00000000ecc00000)
  to   space 4096K, 0% used [0x00000000ec400000,0x00000000ec400000,0x00000000ec800000)
 ParOldGen       total 68608K, used 6790K [0x00000000c0000000, 0x00000000c4300000, 0x00000000eab00000)
  object space 68608K, 9% used [0x00000000c0000000,0x00000000c06a1a58,0x00000000c4300000)
 Metaspace       used 19612K, committed 19968K, reserved 1114112K
  class space    used 1982K, committed 2112K, reserved 1048576K
}
Event: 4.510 GC heap before
{Heap before GC invocations=5 (full 0):
 PSYoungGen      total 29696K, used 12239K [0x00000000eab00000, 0x00000000ecc00000, 0x0000000100000000)
  eden space 25600K, 31% used [0x00000000eab00000,0x00000000eb2f4098,0x00000000ec400000)
  from space 4096K, 99% used [0x00000000ec800000,0x00000000ecbffbd0,0x00000000ecc00000)
  to   space 4096K, 0% used [0x00000000ec400000,0x00000000ec400000,0x00000000ec800000)
 ParOldGen       total 68608K, used 6790K [0x00000000c0000000, 0x00000000c4300000, 0x00000000eab00000)
  object space 68608K, 9% used [0x00000000c0000000,0x00000000c06a1a58,0x00000000c4300000)
 Metaspace       used 21111K, committed 21504K, reserved 1114112K
  class space    used 2124K, committed 2304K, reserved 1048576K
}
Event: 4.515 GC heap after
{Heap after GC invocations=5 (full 0):
 PSYoungGen      total 29696K, used 4080K [0x00000000eab00000, 0x00000000ece00000, 0x0000000100000000)
  eden space 25600K, 0% used [0x00000000eab00000,0x00000000eab00000,0x00000000ec400000)
  from space 4096K, 99% used [0x00000000ec400000,0x00000000ec7fc060,0x00000000ec800000)
  to   space 5120K, 0% used [0x00000000ec900000,0x00000000ec900000,0x00000000ece00000)
 ParOldGen       total 68608K, used 6936K [0x00000000c0000000, 0x00000000c4300000, 0x00000000eab00000)
  object space 68608K, 10% used [0x00000000c0000000,0x00000000c06c6300,0x00000000c4300000)
 Metaspace       used 21111K, committed 21504K, reserved 1114112K
  class space    used 2124K, committed 2304K, reserved 1048576K
}
Event: 4.516 GC heap before
{Heap before GC invocations=6 (full 1):
 PSYoungGen      total 29696K, used 4080K [0x00000000eab00000, 0x00000000ece00000, 0x0000000100000000)
  eden space 25600K, 0% used [0x00000000eab00000,0x00000000eab00000,0x00000000ec400000)
  from space 4096K, 99% used [0x00000000ec400000,0x00000000ec7fc060,0x00000000ec800000)
  to   space 5120K, 0% used [0x00000000ec900000,0x00000000ec900000,0x00000000ece00000)
 ParOldGen       total 68608K, used 6936K [0x00000000c0000000, 0x00000000c4300000, 0x00000000eab00000)
  object space 68608K, 10% used [0x00000000c0000000,0x00000000c06c6300,0x00000000c4300000)
 Metaspace       used 21111K, committed 21504K, reserved 1114112K
  class space    used 2124K, committed 2304K, reserved 1048576K
}
Event: 4.538 GC heap after
{Heap after GC invocations=6 (full 1):
 PSYoungGen      total 29696K, used 0K [0x00000000eab00000, 0x00000000ece00000, 0x0000000100000000)
  eden space 25600K, 0% used [0x00000000eab00000,0x00000000eab00000,0x00000000ec400000)
  from space 4096K, 0% used [0x00000000ec400000,0x00000000ec400000,0x00000000ec800000)
  to   space 5120K, 0% used [0x00000000ec900000,0x00000000ec900000,0x00000000ece00000)
 ParOldGen       total 68608K, used 10703K [0x00000000c0000000, 0x00000000c4300000, 0x00000000eab00000)
  object space 68608K, 15% used [0x00000000c0000000,0x00000000c0a73cb0,0x00000000c4300000)
 Metaspace       used 21111K, committed 21504K, reserved 1114112K
  class space    used 2124K, committed 2304K, reserved 1048576K
}
Event: 5.563 GC heap before
{Heap before GC invocations=7 (full 1):
 PSYoungGen      total 29696K, used 25600K [0x00000000eab00000, 0x00000000ece00000, 0x0000000100000000)
  eden space 25600K, 100% used [0x00000000eab00000,0x00000000ec400000,0x00000000ec400000)
  from space 4096K, 0% used [0x00000000ec400000,0x00000000ec400000,0x00000000ec800000)
  to   space 5120K, 0% used [0x00000000ec900000,0x00000000ec900000,0x00000000ece00000)
 ParOldGen       total 68608K, used 10703K [0x00000000c0000000, 0x00000000c4300000, 0x00000000eab00000)
  object space 68608K, 15% used [0x00000000c0000000,0x00000000c0a73cb0,0x00000000c4300000)
 Metaspace       used 24901K, committed 25408K, reserved 1114112K
  class space    used 2535K, committed 2752K, reserved 1048576K
}
Event: 5.566 GC heap after
{Heap after GC invocations=7 (full 1):
 PSYoungGen      total 26624K, used 1251K [0x00000000eab00000, 0x00000000eca80000, 0x0000000100000000)
  eden space 25088K, 0% used [0x00000000eab00000,0x00000000eab00000,0x00000000ec380000)
  from space 1536K, 81% used [0x00000000ec900000,0x00000000eca38e70,0x00000000eca80000)
  to   space 2560K, 0% used [0x00000000ec580000,0x00000000ec580000,0x00000000ec800000)
 ParOldGen       total 68608K, used 10711K [0x00000000c0000000, 0x00000000c4300000, 0x00000000eab00000)
  object space 68608K, 15% used [0x00000000c0000000,0x00000000c0a75cb0,0x00000000c4300000)
 Metaspace       used 24901K, committed 25408K, reserved 1114112K
  class space    used 2535K, committed 2752K, reserved 1048576K
}
Event: 6.310 GC heap before
{Heap before GC invocations=8 (full 1):
 PSYoungGen      total 26624K, used 26339K [0x00000000eab00000, 0x00000000eca80000, 0x0000000100000000)
  eden space 25088K, 100% used [0x00000000eab00000,0x00000000ec380000,0x00000000ec380000)
  from space 1536K, 81% used [0x00000000ec900000,0x00000000eca38e70,0x00000000eca80000)
  to   space 2560K, 0% used [0x00000000ec580000,0x00000000ec580000,0x00000000ec800000)
 ParOldGen       total 68608K, used 10711K [0x00000000c0000000, 0x00000000c4300000, 0x00000000eab00000)
  object space 68608K, 15% used [0x00000000c0000000,0x00000000c0a75cb0,0x00000000c4300000)
 Metaspace       used 27633K, committed 28352K, reserved 1114112K
  class space    used 2857K, committed 3136K, reserved 1048576K
}
Event: 6.314 GC heap after
{Heap after GC invocations=8 (full 1):
 PSYoungGen      total 27136K, used 2558K [0x00000000eab00000, 0x00000000ecb00000, 0x0000000100000000)
  eden space 24576K, 0% used [0x00000000eab00000,0x00000000eab00000,0x00000000ec300000)
  from space 2560K, 99% used [0x00000000ec580000,0x00000000ec7ff850,0x00000000ec800000)
  to   space 3072K, 0% used [0x00000000ec800000,0x00000000ec800000,0x00000000ecb00000)
 ParOldGen       total 68608K, used 11450K [0x00000000c0000000, 0x00000000c4300000, 0x00000000eab00000)
  object space 68608K, 16% used [0x00000000c0000000,0x00000000c0b2eaf0,0x00000000c4300000)
 Metaspace       used 27633K, committed 28352K, reserved 1114112K
  class space    used 2857K, committed 3136K, reserved 1048576K
}

Dll operation events (10 events):
Event: 0.031 Loaded shared library c:\Users\santo\.vscode\extensions\redhat.java-1.35.1-win32-x64\jre\17.0.12-win32-x86_64\bin\java.dll
Event: 0.220 Loaded shared library c:\Users\santo\.vscode\extensions\redhat.java-1.35.1-win32-x64\jre\17.0.12-win32-x86_64\bin\zip.dll
Event: 0.226 Loaded shared library C:\Users\santo\.vscode\extensions\redhat.java-1.35.1-win32-x64\jre\17.0.12-win32-x86_64\bin\instrument.dll
Event: 0.240 Loaded shared library C:\Users\santo\.vscode\extensions\redhat.java-1.35.1-win32-x64\jre\17.0.12-win32-x86_64\bin\net.dll
Event: 0.242 Loaded shared library C:\Users\santo\.vscode\extensions\redhat.java-1.35.1-win32-x64\jre\17.0.12-win32-x86_64\bin\nio.dll
Event: 0.250 Loaded shared library C:\Users\santo\.vscode\extensions\redhat.java-1.35.1-win32-x64\jre\17.0.12-win32-x86_64\bin\zip.dll
Event: 0.273 Loaded shared library C:\Users\santo\.vscode\extensions\redhat.java-1.35.1-win32-x64\jre\17.0.12-win32-x86_64\bin\jimage.dll
Event: 0.490 Loaded shared library c:\Users\santo\.vscode\extensions\redhat.java-1.35.1-win32-x64\jre\17.0.12-win32-x86_64\bin\verify.dll
Event: 2.406 Loaded shared library C:\Users\santo\AppData\Roaming\Code\User\globalStorage\redhat.java\1.35.1\config_win\org.eclipse.equinox.launcher\org.eclipse.equinox.launcher.win32.win32.x86_64_1.2.1100.v20240722-2106\eclipse_11904.dll
Event: 5.066 Loaded shared library C:\Users\santo\AppData\Local\Temp\jna-109204059\jna18227111721422319331.dll

Deoptimization events (20 events):
Event: 5.946 Thread 0x00000153fee09ce0 DEOPT PACKING pc=0x00000153e81d33ef sp=0x00000048e8ff1b00
Event: 5.946 Thread 0x00000153fee09ce0 DEOPT UNPACKING pc=0x00000153ef3e6e43 sp=0x00000048e8ff1010 mode 0
Event: 5.968 Thread 0x00000153fee09ce0 Uncommon trap: trap_request=0xffffff45 fr.pc=0x00000153ef94a4f4 relative=0x0000000000000354
Event: 5.968 Thread 0x00000153fee09ce0 Uncommon trap: reason=unstable_if action=reinterpret pc=0x00000153ef94a4f4 method=java.lang.StringLatin1.canEncode(I)Z @ 4 c2
Event: 5.968 Thread 0x00000153fee09ce0 DEOPT PACKING pc=0x00000153ef94a4f4 sp=0x00000048e8ff24f0
Event: 5.968 Thread 0x00000153fee09ce0 DEOPT UNPACKING pc=0x00000153ef3e66a3 sp=0x00000048e8ff2418 mode 2
Event: 5.968 Thread 0x00000153fee09ce0 Uncommon trap: trap_request=0xffffff45 fr.pc=0x00000153ef94add4 relative=0x0000000000000334
Event: 5.968 Thread 0x00000153fee09ce0 Uncommon trap: reason=unstable_if action=reinterpret pc=0x00000153ef94add4 method=java.lang.AbstractStringBuilder.isLatin1()Z @ 10 c2
Event: 5.968 Thread 0x00000153fee09ce0 DEOPT PACKING pc=0x00000153ef94add4 sp=0x00000048e8ff2500
Event: 5.968 Thread 0x00000153fee09ce0 DEOPT UNPACKING pc=0x00000153ef3e66a3 sp=0x00000048e8ff2480 mode 2
Event: 5.975 Thread 0x00000153fee09ce0 Uncommon trap: trap_request=0xffffff45 fr.pc=0x00000153ef953638 relative=0x0000000000000038
Event: 5.975 Thread 0x00000153fee09ce0 Uncommon trap: reason=unstable_if action=reinterpret pc=0x00000153ef953638 method=java.lang.StringLatin1.canEncode(I)Z @ 4 c2
Event: 5.975 Thread 0x00000153fee09ce0 DEOPT PACKING pc=0x00000153ef953638 sp=0x00000048e8ff2480
Event: 5.975 Thread 0x00000153fee09ce0 DEOPT UNPACKING pc=0x00000153ef3e66a3 sp=0x00000048e8ff2410 mode 2
Event: 6.343 Thread 0x00000153fee09ce0 Uncommon trap: trap_request=0xffffff45 fr.pc=0x00000153efaaa564 relative=0x00000000000061e4
Event: 6.343 Thread 0x00000153fee09ce0 Uncommon trap: reason=unstable_if action=reinterpret pc=0x00000153efaaa564 method=jdk.internal.org.objectweb.asm.Frame.execute(IILjdk/internal/org/objectweb/asm/Symbol;Ljdk/internal/org/objectweb/asm/SymbolTable;)V @ 1 c2
Event: 6.343 Thread 0x00000153fee09ce0 DEOPT PACKING pc=0x00000153efaaa564 sp=0x00000048e8ff12b0
Event: 6.343 Thread 0x00000153fee09ce0 DEOPT UNPACKING pc=0x00000153ef3e66a3 sp=0x00000048e8ff1280 mode 2
Event: 6.446 Thread 0x00000153fee09ce0 DEOPT PACKING pc=0x00000153e81dff67 sp=0x00000048e8ff51d0
Event: 6.446 Thread 0x00000153fee09ce0 DEOPT UNPACKING pc=0x00000153ef3e6e43 sp=0x00000048e8ff4760 mode 0

Classes loaded (20 events):
Event: 6.355 Loading class java/io/ObjectStreamClass$MemberSignature
Event: 6.355 Loading class java/io/ObjectStreamClass$MemberSignature done
Event: 6.355 Loading class java/io/ObjectStreamClass$3
Event: 6.355 Loading class java/io/ObjectStreamClass$3 done
Event: 6.356 Loading class java/io/ObjectStreamClass$4
Event: 6.356 Loading class java/io/ObjectStreamClass$4 done
Event: 6.356 Loading class java/io/ObjectStreamClass$5
Event: 6.356 Loading class java/io/ObjectStreamClass$5 done
Event: 6.374 Loading class java/io/ObjectStreamClass$ExceptionInfo
Event: 6.374 Loading class java/io/ObjectStreamClass$ExceptionInfo done
Event: 6.385 Loading class org/w3c/dom/Node
Event: 6.385 Loading class org/w3c/dom/Node done
Event: 6.385 Loading class javax/xml/transform/Result
Event: 6.385 Loading class javax/xml/transform/Result done
Event: 6.385 Loading class javax/xml/transform/Source
Event: 6.385 Loading class javax/xml/transform/Source done
Event: 6.482 Loading class java/util/function/ToDoubleFunction
Event: 6.482 Loading class java/util/function/ToDoubleFunction done
Event: 6.489 Loading class java/util/Collections$UnmodifiableSortedSet
Event: 6.489 Loading class java/util/Collections$UnmodifiableSortedSet done

Classes unloaded (0 events):
No events

Classes redefined (0 events):
No events

Internal exceptions (20 events):
Event: 6.209 Thread 0x00000153fee09ce0 Exception <a 'java/lang/NoSuchMethodError'{0x00000000ec1f3518}: 'int java.lang.invoke.DirectMethodHandle$Holder.invokeVirtual(java.lang.Object, java.lang.Object)'> (0x00000000ec1f3518) 
thrown [s\src\hotspot\share\interpreter\linkResolver.cpp, line 759]
Event: 6.210 Thread 0x00000153fee09ce0 Exception <a 'java/lang/NoSuchMethodError'{0x00000000ec1f8720}: 'int java.lang.invoke.DirectMethodHandle$Holder.invokeStaticInit(java.lang.Object, int, int)'> (0x00000000ec1f8720) 
thrown [s\src\hotspot\share\interpreter\linkResolver.cpp, line 759]
Event: 6.212 Thread 0x00000153fee09ce0 Exception <a 'java/lang/NoSuchMethodError'{0x00000000ec2011a8}: 'int java.lang.invoke.DirectMethodHandle$Holder.invokeStaticInit(java.lang.Object, long, long)'> (0x00000000ec2011a8) 
thrown [s\src\hotspot\share\interpreter\linkResolver.cpp, line 759]
Event: 6.212 Thread 0x00000153fee09ce0 Exception <a 'java/lang/NoSuchMethodError'{0x00000000ec208fe8}: 'int java.lang.invoke.DirectMethodHandle$Holder.invokeStaticInit(java.lang.Object, float, float)'> (0x00000000ec208fe8) 
thrown [s\src\hotspot\share\interpreter\linkResolver.cpp, line 759]
Event: 6.213 Thread 0x00000153fee09ce0 Exception <a 'java/lang/NoSuchMethodError'{0x00000000ec210e30}: 'int java.lang.invoke.DirectMethodHandle$Holder.invokeStaticInit(java.lang.Object, double, double)'> (0x00000000ec210e30) 
thrown [s\src\hotspot\share\interpreter\linkResolver.cpp, line 759]
Event: 6.213 Thread 0x00000153fee09ce0 Exception <a 'java/lang/NoSuchMethodError'{0x00000000ec216428}: 'int java.lang.invoke.DirectMethodHandle$Holder.invokeStatic(java.lang.Object, long)'> (0x00000000ec216428) 
thrown [s\src\hotspot\share\interpreter\linkResolver.cpp, line 759]
Event: 6.217 Thread 0x00000153fee09ce0 Exception <a 'java/lang/NoSuchMethodError'{0x00000000ec23e978}: 'int java.lang.invoke.Invokers$Holder.linkToTargetMethod(java.lang.Object, java.lang.Object)'> (0x00000000ec23e978) 
thrown [s\src\hotspot\share\interpreter\linkResolver.cpp, line 759]
Event: 6.301 Thread 0x00000153fee09ce0 Exception <a 'java/lang/NoSuchMethodError'{0x00000000ec32d840}: 'java.lang.Object java.lang.invoke.DirectMethodHandle$Holder.invokeSpecial(java.lang.Object, java.lang.Object, java.lang.Object, java.lang.Object, java.lang.Object, java.lang.Object, java.lang.Object, java.lang.Object, java.lang.Object, java.lang.Object, java.lang.Object)'> (0x00000000ec32d840) 
thrown [s\src\hotspot\share\interpreter\linkResolver.cpp, line 759]
Event: 6.301 Thread 0x00000153fee09ce0 Exception <a 'java/lang/NoSuchMethodError'{0x00000000ec332d58}: 'java.lang.Object java.lang.invoke.Invokers$Holder.invoke_MT(java.lang.Object, java.lang.Object, java.lang.Object, java.lang.Object, java.lang.Object, java.lang.Object, java.lang.Object, java.lang.Object, java.lang.Object, java.lang.Object, java.lang.Object)'> (0x00000000ec332d58) 
thrown [s\src\hotspot\share\interpreter\linkResolver.cpp, line 759]
Event: 6.317 Thread 0x00000153fee09ce0 Exception <a 'java/lang/NoSuchMethodError'{0x00000000eab427d0}: 'java.lang.Object java.lang.invoke.DirectMethodHandle$Holder.invokeSpecial(java.lang.Object, java.lang.Object, java.lang.Object, java.lang.Object, java.lang.Object, java.lang.Object, java.lang.Object, java.lang.Object, java.lang.Object, java.lang.Object)'> (0x00000000eab427d0) 
thrown [s\src\hotspot\share\interpreter\linkResolver.cpp, line 759]
Event: 6.318 Thread 0x00000153fee09ce0 Exception <a 'java/lang/NoSuchMethodError'{0x00000000eab47a20}: 'java.lang.Object java.lang.invoke.Invokers$Holder.invoke_MT(java.lang.Object, java.lang.Object, java.lang.Object, java.lang.Object, java.lang.Object, java.lang.Object, java.lang.Object, java.lang.Object, java.lang.Object, java.lang.Object)'> (0x00000000eab47a20) 
thrown [s\src\hotspot\share\interpreter\linkResolver.cpp, line 759]
Event: 6.336 Thread 0x00000153fee09ce0 Exception <a 'java/lang/NoSuchMethodError'{0x00000000eabf0028}: 'java.lang.Object java.lang.invoke.DirectMethodHandle$Holder.newInvokeSpecial(java.lang.Object, java.lang.Object, java.lang.Object, java.lang.Object, java.lang.Object, java.lang.Object, java.lang.Object)'> (0x00000000eabf0028) 
thrown [s\src\hotspot\share\interpreter\linkResolver.cpp, line 759]
Event: 6.347 Thread 0x00000153fee09ce0 Exception <a 'java/lang/NoSuchMethodError'{0x00000000eac72348}: 'java.lang.Object java.lang.invoke.DirectMethodHandle$Holder.invokeSpecial(java.lang.Object, java.lang.Object, java.lang.Object, java.lang.Object, java.lang.Object, java.lang.Object, java.lang.Object, java.lang.Object, java.lang.Object, java.lang.Object, java.lang.Object, java.lang.Object, java.lang.Object)'> (0x00000000eac72348) 
thrown [s\src\hotspot\share\interpreter\linkResolver.cpp, line 759]
Event: 6.347 Thread 0x00000153fee09ce0 Exception <a 'java/lang/NoSuchMethodError'{0x00000000eac77e78}: 'java.lang.Object java.lang.invoke.Invokers$Holder.invoker(java.lang.Object, java.lang.Object, java.lang.Object, java.lang.Object, java.lang.Object, java.lang.Object, java.lang.Object, java.lang.Object, java.lang.Object, java.lang.Object, java.lang.Object, java.lang.Object, java.lang.Object)'> (0x00000000eac77e78) 
thrown [s\src\hotspot\share\interpreter\linkResolver.cpp, line 759]
Event: 6.347 Thread 0x00000153fee09ce0 Exception <a 'java/lang/NoSuchMethodError'{0x00000000eac7ebf8}: 'java.lang.Object java.lang.invoke.DirectMethodHandle$Holder.invokeSpecial(java.lang.Object, java.lang.Object, java.lang.Object, java.lang.Object, java.lang.Object, java.lang.Object, java.lang.Object, java.lang.Object, java.lang.Object, java.lang.Object, java.lang.Object, java.lang.Object, java.lang.Object, java.lang.Object)'> (0x00000000eac7ebf8) 
thrown [s\src\hotspot\share\interpreter\linkResolver.cpp, line 759]
Event: 6.355 Thread 0x00000153fee09ce0 Exception <a 'java/lang/NoSuchMethodError'{0x00000000eacea900}: static Lorg/eclipse/m2e/core/internal/lifecyclemapping/model/PluginExecutionMetadata;.<clinit>()V> (0x00000000eacea900) 
thrown [s\src\hotspot\share\prims\jni.cpp, line 1112]
Event: 6.363 Thread 0x00000153fee09ce0 Exception <a 'java/lang/NoSuchMethodError'{0x00000000ead46950}: static Lorg/eclipse/m2e/core/internal/lifecyclemapping/model/PluginExecutionFilter;.<clinit>()V> (0x00000000ead46950) 
thrown [s\src\hotspot\share\prims\jni.cpp, line 1112]
Event: 6.374 Thread 0x00000153fee09ce0 Exception <a 'java/lang/NoSuchMethodError'{0x00000000ead82490}: static Lorg/eclipse/m2e/core/internal/project/registry/MavenProjectFacade$MavenProjectConfiguration;.<clinit>()V> (0x00000000ead82490) 
thrown [s\src\hotspot\share\prims\jni.cpp, line 1112]
Event: 6.482 Thread 0x00000153fee09ce0 Exception <a 'java/lang/NoSuchMethodError'{0x00000000eb168cd8}: 'double java.lang.invoke.DirectMethodHandle$Holder.invokeStatic(java.lang.Object, java.lang.Object)'> (0x00000000eb168cd8) 
thrown [s\src\hotspot\share\interpreter\linkResolver.cpp, line 759]
Event: 6.485 Thread 0x00000153fee09ce0 Exception <a 'java/lang/NoSuchMethodError'{0x00000000eb1cba40}: 'double java.lang.invoke.DirectMethodHandle$Holder.invokeStaticInit(java.lang.Object, java.lang.Object)'> (0x00000000eb1cba40) 
thrown [s\src\hotspot\share\interpreter\linkResolver.cpp, line 759]

VM Operations (20 events):
Event: 4.967 Executing VM operation: HandshakeAllThreads
Event: 4.967 Executing VM operation: HandshakeAllThreads done
Event: 5.045 Executing VM operation: HandshakeAllThreads
Event: 5.045 Executing VM operation: HandshakeAllThreads done
Event: 5.077 Executing VM operation: HandshakeAllThreads
Event: 5.077 Executing VM operation: HandshakeAllThreads done
Event: 5.375 Executing VM operation: HandshakeAllThreads
Event: 5.375 Executing VM operation: HandshakeAllThreads done
Event: 5.471 Executing VM operation: HandshakeAllThreads
Event: 5.471 Executing VM operation: HandshakeAllThreads done
Event: 5.495 Executing VM operation: HandshakeAllThreads
Event: 5.495 Executing VM operation: HandshakeAllThreads done
Event: 5.563 Executing VM operation: ParallelGCFailedAllocation
Event: 5.566 Executing VM operation: ParallelGCFailedAllocation done
Event: 6.158 Executing VM operation: HandshakeAllThreads
Event: 6.158 Executing VM operation: HandshakeAllThreads done
Event: 6.158 Executing VM operation: HandshakeAllThreads
Event: 6.158 Executing VM operation: HandshakeAllThreads done
Event: 6.309 Executing VM operation: ParallelGCFailedAllocation
Event: 6.314 Executing VM operation: ParallelGCFailedAllocation done

Events (20 events):
Event: 0.092 Thread 0x00000153f9042890 Thread added: 0x00000153f9042890
Event: 0.100 Thread 0x00000153f905e990 Thread added: 0x00000153f905e990
Event: 0.103 Thread 0x00000153fe28c710 Thread added: 0x00000153fe28c710
Event: 0.154 Thread 0x00000153e5232130 Thread added: 0x00000153e5232130
Event: 0.687 Thread 0x00000153fe508270 Thread added: 0x00000153fe508270
Event: 0.692 Thread 0x00000153fe504390 Thread added: 0x00000153fe504390
Event: 1.388 Thread 0x00000153fe504390 Thread exited: 0x00000153fe504390
Event: 1.862 Thread 0x00000153fec78bb0 Thread added: 0x00000153fec78bb0
Event: 2.105 Thread 0x00000153fecda020 Thread added: 0x00000153fecda020
Event: 2.394 Thread 0x00000153ff3998f0 Thread added: 0x00000153ff3998f0
Event: 2.403 Thread 0x00000153fee09ce0 Thread added: 0x00000153fee09ce0
Event: 2.570 Thread 0x00000153fec78bb0 Thread exited: 0x00000153fec78bb0
Event: 2.973 Thread 0x00000153ff6fc730 Thread added: 0x00000153ff6fc730
Event: 3.466 Thread 0x00000153ff723d20 Thread added: 0x00000153ff723d20
Event: 3.654 Thread 0x00000153ff792020 Thread added: 0x00000153ff792020
Event: 4.374 Thread 0x00000153ff6c6810 Thread added: 0x00000153ff6c6810
Event: 5.093 Thread 0x00000153ff6c53d0 Thread added: 0x00000153ff6c53d0
Event: 5.176 Thread 0x00000153ff6c6300 Thread added: 0x00000153ff6c6300
Event: 5.221 Thread 0x00000153ff6c44a0 Thread added: 0x00000153ff6c44a0
Event: 5.858 Thread 0x00000153fe91a1a0 Thread added: 0x00000153fe91a1a0


Dynamic libraries:
0x00007ff727290000 - 0x00007ff72729e000 	c:\Users\santo\.vscode\extensions\redhat.java-1.35.1-win32-x64\jre\17.0.12-win32-x86_64\bin\java.exe
0x00007fffb3bb0000 - 0x00007fffb3dc7000 	C:\WINDOWS\SYSTEM32\ntdll.dll
0x00007fffb1ba0000 - 0x00007fffb1c64000 	C:\WINDOWS\System32\KERNEL32.DLL
0x00007fffb1230000 - 0x00007fffb15dd000 	C:\WINDOWS\System32\KERNELBASE.dll
0x00007fffb10e0000 - 0x00007fffb11f1000 	C:\WINDOWS\System32\ucrtbase.dll
0x00007fffade30000 - 0x00007fffade47000 	c:\Users\santo\.vscode\extensions\redhat.java-1.35.1-win32-x64\jre\17.0.12-win32-x86_64\bin\jli.dll
0x00007fffb3590000 - 0x00007fffb373e000 	C:\WINDOWS\System32\USER32.dll
0x00007fffb10b0000 - 0x00007fffb10d6000 	C:\WINDOWS\System32\win32u.dll
0x00007fffb21f0000 - 0x00007fffb2219000 	C:\WINDOWS\System32\GDI32.dll
0x00007fffb15e0000 - 0x00007fffb16f9000 	C:\WINDOWS\System32\gdi32full.dll
0x00007fffb17c0000 - 0x00007fffb185a000 	C:\WINDOWS\System32\msvcp_win.dll
0x00007fffab9e0000 - 0x00007fffab9fb000 	c:\Users\santo\.vscode\extensions\redhat.java-1.35.1-win32-x64\jre\17.0.12-win32-x86_64\bin\VCRUNTIME140.dll
0x00007fffa6ad0000 - 0x00007fffa6d63000 	C:\WINDOWS\WinSxS\amd64_microsoft.windows.common-controls_6595b64144ccf1df_6.0.22621.3672_none_2713b9d173822955\COMCTL32.dll
0x00007fffb25b0000 - 0x00007fffb2657000 	C:\WINDOWS\System32\msvcrt.dll
0x00007fffb33f0000 - 0x00007fffb3421000 	C:\WINDOWS\System32\IMM32.DLL
0x00007fffab6c0000 - 0x00007fffab6cc000 	c:\Users\santo\.vscode\extensions\redhat.java-1.35.1-win32-x64\jre\17.0.12-win32-x86_64\bin\vcruntime140_1.dll
0x00007fff74930000 - 0x00007fff749bd000 	c:\Users\santo\.vscode\extensions\redhat.java-1.35.1-win32-x64\jre\17.0.12-win32-x86_64\bin\msvcp140.dll
0x00007fff3edf0000 - 0x00007fff3fa5a000 	c:\Users\santo\.vscode\extensions\redhat.java-1.35.1-win32-x64\jre\17.0.12-win32-x86_64\bin\server\jvm.dll
0x00007fffb2330000 - 0x00007fffb23e2000 	C:\WINDOWS\System32\ADVAPI32.dll
0x00007fffb1a90000 - 0x00007fffb1b39000 	C:\WINDOWS\System32\sechost.dll
0x00007fffb1200000 - 0x00007fffb1228000 	C:\WINDOWS\System32\bcrypt.dll
0x00007fffb18e0000 - 0x00007fffb19f4000 	C:\WINDOWS\System32\RPCRT4.dll
0x00007fffb1a10000 - 0x00007fffb1a81000 	C:\WINDOWS\System32\WS2_32.dll
0x00007fffb07a0000 - 0x00007fffb07ed000 	C:\WINDOWS\SYSTEM32\POWRPROF.dll
0x00007fffaa990000 - 0x00007fffaa9c4000 	C:\WINDOWS\SYSTEM32\WINMM.dll
0x00007fffa8770000 - 0x00007fffa877a000 	C:\WINDOWS\SYSTEM32\VERSION.dll
0x00007fffb0730000 - 0x00007fffb0743000 	C:\WINDOWS\SYSTEM32\UMPDC.dll
0x00007fffaff20000 - 0x00007fffaff38000 	C:\WINDOWS\SYSTEM32\kernel.appcore.dll
0x00007fffa80c0000 - 0x00007fffa80ca000 	c:\Users\santo\.vscode\extensions\redhat.java-1.35.1-win32-x64\jre\17.0.12-win32-x86_64\bin\jimage.dll
0x00007fffa7040000 - 0x00007fffa7272000 	C:\WINDOWS\SYSTEM32\DBGHELP.DLL
0x00007fffb3750000 - 0x00007fffb3ade000 	C:\WINDOWS\System32\combase.dll
0x00007fffb2110000 - 0x00007fffb21e7000 	C:\WINDOWS\System32\OLEAUT32.dll
0x00007fff8e400000 - 0x00007fff8e432000 	C:\WINDOWS\SYSTEM32\dbgcore.DLL
0x00007fffb1860000 - 0x00007fffb18db000 	C:\WINDOWS\System32\bcryptPrimitives.dll
0x00007fffa80b0000 - 0x00007fffa80be000 	c:\Users\santo\.vscode\extensions\redhat.java-1.35.1-win32-x64\jre\17.0.12-win32-x86_64\bin\instrument.dll
0x00007fff8c9a0000 - 0x00007fff8c9c5000 	c:\Users\santo\.vscode\extensions\redhat.java-1.35.1-win32-x64\jre\17.0.12-win32-x86_64\bin\java.dll
0x00007fffa7ee0000 - 0x00007fffa7ef8000 	c:\Users\santo\.vscode\extensions\redhat.java-1.35.1-win32-x64\jre\17.0.12-win32-x86_64\bin\zip.dll
0x00007fffb2b80000 - 0x00007fffb33e7000 	C:\WINDOWS\System32\SHELL32.dll
0x00007fffaee10000 - 0x00007fffaf70f000 	C:\WINDOWS\SYSTEM32\windows.storage.dll
0x00007fffaecd0000 - 0x00007fffaee0f000 	C:\WINDOWS\SYSTEM32\wintypes.dll
0x00007fffb2660000 - 0x00007fffb2759000 	C:\WINDOWS\System32\SHCORE.dll
0x00007fffb1b40000 - 0x00007fffb1b9e000 	C:\WINDOWS\System32\shlwapi.dll
0x00007fffb0e00000 - 0x00007fffb0e27000 	C:\WINDOWS\SYSTEM32\profapi.dll
0x00007fff91f50000 - 0x00007fff91f69000 	C:\Users\santo\.vscode\extensions\redhat.java-1.35.1-win32-x64\jre\17.0.12-win32-x86_64\bin\net.dll
0x00007fffad870000 - 0x00007fffad9a6000 	C:\WINDOWS\SYSTEM32\WINHTTP.dll
0x00007fffb0400000 - 0x00007fffb0469000 	C:\WINDOWS\system32\mswsock.dll
0x00007fff91f20000 - 0x00007fff91f36000 	C:\Users\santo\.vscode\extensions\redhat.java-1.35.1-win32-x64\jre\17.0.12-win32-x86_64\bin\nio.dll
0x00007fff73760000 - 0x00007fff73770000 	c:\Users\santo\.vscode\extensions\redhat.java-1.35.1-win32-x64\jre\17.0.12-win32-x86_64\bin\verify.dll
0x00007fff73820000 - 0x00007fff73865000 	C:\Users\santo\AppData\Roaming\Code\User\globalStorage\redhat.java\1.35.1\config_win\org.eclipse.equinox.launcher\org.eclipse.equinox.launcher.win32.win32.x86_64_1.2.1100.v20240722-2106\eclipse_11904.dll
0x00007fffb2930000 - 0x00007fffb2ad5000 	C:\WINDOWS\System32\ole32.dll
0x00007fffb0650000 - 0x00007fffb066b000 	C:\WINDOWS\SYSTEM32\CRYPTSP.dll
0x00007fffafe80000 - 0x00007fffafeb5000 	C:\WINDOWS\system32\rsaenh.dll
0x00007fffb04f0000 - 0x00007fffb0518000 	C:\WINDOWS\SYSTEM32\USERENV.dll
0x00007fffb0670000 - 0x00007fffb067c000 	C:\WINDOWS\SYSTEM32\CRYPTBASE.dll
0x00007fffaf970000 - 0x00007fffaf99d000 	C:\WINDOWS\SYSTEM32\IPHLPAPI.DLL
0x00007fffb2440000 - 0x00007fffb2449000 	C:\WINDOWS\System32\NSI.dll
0x00007fffad780000 - 0x00007fffad799000 	C:\WINDOWS\SYSTEM32\dhcpcsvc6.DLL
0x00007fffad6b0000 - 0x00007fffad6cf000 	C:\WINDOWS\SYSTEM32\dhcpcsvc.DLL
0x00007fffaf9e0000 - 0x00007fffafad8000 	C:\WINDOWS\SYSTEM32\DNSAPI.dll
0x00007fff94cb0000 - 0x00007fff94cf9000 	C:\Users\santo\AppData\Local\Temp\jna-109204059\jna18227111721422319331.dll
0x00007fffb1a00000 - 0x00007fffb1a08000 	C:\WINDOWS\System32\PSAPI.DLL

dbghelp: loaded successfully - version: 4.0.5 - missing functions: none
symbol engine: initialized successfully - sym options: 0x614 - pdb path: .;c:\Users\santo\.vscode\extensions\redhat.java-1.35.1-win32-x64\jre\17.0.12-win32-x86_64\bin;C:\WINDOWS\SYSTEM32;C:\WINDOWS\WinSxS\amd64_microsoft.windows.common-controls_6595b64144ccf1df_6.0.22621.3672_none_2713b9d173822955;c:\Users\santo\.vscode\extensions\redhat.java-1.35.1-win32-x64\jre\17.0.12-win32-x86_64\bin\server;C:\Users\santo\AppData\Roaming\Code\User\globalStorage\redhat.java\1.35.1\config_win\org.eclipse.equinox.launcher\org.eclipse.equinox.launcher.win32.win32.x86_64_1.2.1100.v20240722-2106;C:\Users\santo\AppData\Local\Temp\jna-109204059

VM Arguments:
jvm_args: --add-modules=ALL-SYSTEM --add-opens=java.base/java.util=ALL-UNNAMED --add-opens=java.base/java.lang=ALL-UNNAMED --add-opens=java.base/sun.nio.fs=ALL-UNNAMED -Declipse.application=org.eclipse.jdt.ls.core.id1 -Dosgi.bundles.defaultStartLevel=4 -Declipse.product=org.eclipse.jdt.ls.core.product -Djava.import.generatesMetadataFilesAtProjectRoot=false -DDetectVMInstallationsJob.disabled=true -Dfile.encoding=utf8 -XX:+UseParallelGC -XX:GCTimeRatio=4 -XX:AdaptiveSizePolicyWeight=90 -Dsun.zip.disableMemoryMapping=true -Xmx1G -Xms100m -Xlog:disable -javaagent:c:\Users\santo\.vscode\extensions\redhat.java-1.35.1-win32-x64\lombok\lombok-1.18.33.jar -XX:+HeapDumpOnOutOfMemoryError -XX:HeapDumpPath=c:\Users\santo\AppData\Roaming\Code\User\workspaceStorage\fbb62f2c35dd047b5a784133595301f3\redhat.java -Daether.dependencyCollector.impl=bf 
java_command: c:\Users\santo\.vscode\extensions\redhat.java-1.35.1-win32-x64\server\plugins\org.eclipse.equinox.launcher_1.6.900.v20240613-2009.jar -configuration c:\Users\santo\AppData\Roaming\Code\User\globalStorage\redhat.java\1.35.1\config_win -data c:\Users\santo\AppData\Roaming\Code\User\workspaceStorage\fbb62f2c35dd047b5a784133595301f3\redhat.java\jdt_ws --pipe=\\.\pipe\lsp-bdd7f8acb20c798b35ac4efb6f9edd87-sock
java_class_path (initial): c:\Users\santo\.vscode\extensions\redhat.java-1.35.1-win32-x64\server\plugins\org.eclipse.equinox.launcher_1.6.900.v20240613-2009.jar
Launcher Type: SUN_STANDARD

[Global flags]
    uintx AdaptiveSizePolicyWeight                 = 90                                        {product} {command line}
     intx CICompilerCount                          = 3                                         {product} {ergonomic}
    uintx GCTimeRatio                              = 4                                         {product} {command line}
     bool HeapDumpOnOutOfMemoryError               = true                                   {manageable} {command line}
    ccstr HeapDumpPath                             = c:\Users\santo\AppData\Roaming\Code\User\workspaceStorage\fbb62f2c35dd047b5a784133595301f3\redhat.java         {manageable} {command line}
   size_t InitialHeapSize                          = 104857600                                 {product} {command line}
   size_t MaxHeapSize                              = 1073741824                                {product} {command line}
   size_t MaxNewSize                               = 357564416                                 {product} {ergonomic}
   size_t MinHeapDeltaBytes                        = 524288                                    {product} {ergonomic}
   size_t MinHeapSize                              = 104857600                                 {product} {command line}
   size_t NewSize                                  = 34603008                                  {product} {ergonomic}
    uintx NonNMethodCodeHeapSize                   = 5832780                                {pd product} {ergonomic}
    uintx NonProfiledCodeHeapSize                  = 122912730                              {pd product} {ergonomic}
   size_t OldSize                                  = 70254592                                  {product} {ergonomic}
    uintx ProfiledCodeHeapSize                     = 122912730                              {pd product} {ergonomic}
    uintx ReservedCodeCacheSize                    = 251658240                              {pd product} {ergonomic}
     bool SegmentedCodeCache                       = true                                      {product} {ergonomic}
   size_t SoftMaxHeapSize                          = 1073741824                             {manageable} {ergonomic}
     bool UseCompressedClassPointers               = true                           {product lp64_product} {ergonomic}
     bool UseCompressedOops                        = true                           {product lp64_product} {ergonomic}
     bool UseLargePagesIndividualAllocation        = false                                  {pd product} {ergonomic}
     bool UseParallelGC                            = true                                      {product} {command line}

Logging:
Log output configuration:
 #0: stdout all=off uptime,level,tags
 #1: stderr all=off uptime,level,tags

Environment Variables:
PATH=C:\Program Files\Microsoft MPI\Bin\;C:\Program Files\Amazon Corretto\jdk17.0.11_9\bin;C:\Program Files\Amazon Corretto\jdk21.0.2_13\bin;C:\Python311\Scripts\;C:\Python311\;C:\WINDOWS\system32;C:\WINDOWS;C:\WINDOWS\System32\Wbem;C:\WINDOWS\System32\WindowsPowerShell\v1.0\;C:\WINDOWS\System32\OpenSSH\;C:\Program Files\Git\cmd;C:\ProgramData\chocolatey\bin;C:\Program Files\nodejs\;C:\Program Files (x86)\Microsoft SQL Server\160\DTS\Binn\;C:\Program Files (x86)\Microsoft SQL Server\160\Tools\Binn\;C:\Program Files\Microsoft SQL Server\160\Tools\Binn\;C:\Program Files\Microsoft SQL Server\Client SDK\ODBC\170\Tools\Binn\;C:\Program Files\Microsoft SQL Server\160\DTS\Binn\;C:\Program Files\apache-maven-3.9.9\bin;C:\Program Files\MySQL\MySQL Shell 8.0\bin\;C:\Users\santo\AppData\Local\Microsoft\WindowsApps;C:\Users\santo\AppData\Local\Programs\Microsoft VS Code\bin;C:\Users\santo\AppData\Roaming\npm;C:\ProgramData\santo\GitHubDesktop\bin
USERNAME=santo
OS=Windows_NT
PROCESSOR_IDENTIFIER=AMD64 Family 23 Model 96 Stepping 1, AuthenticAMD
TMP=C:\Users\santo\AppData\Local\Temp
TEMP=C:\Users\santo\AppData\Local\Temp



Periodic native trim disabled


---------------  S Y S T E M  ---------------

OS:
 Windows 11 , 64 bit Build 22621 (10.0.22621.3958)
OS uptime: 0 days 0:55 hours
Hyper-V role detected

CPU: total 4 (initial active 4) (4 cores per cpu, 1 threads per core) family 23 model 96 stepping 1 microcode 0x0, cx8, cmov, fxsr, mmx, 3dnowpref, sse, sse2, sse3, ssse3, sse4a, sse4.1, sse4.2, popcnt, lzcnt, tsc, tscinvbit, avx, avx2, aes, clmul, bmi1, bmi2, adx, sha, fma, vzeroupper, clflush, clflushopt, hv
Processor Information for all 4 processors :
  Max Mhz: 2700, Current Mhz: 2700, Mhz Limit: 2700

Memory: 4k page, system-wide physical 7541M (508M free)
TotalPageFile size 14008M (AvailPageFile size 0M)
current process WorkingSet (physical memory assigned to process): 137M, peak: 137M
current process commit charge ("private bytes"): 226M, peak: 226M

vm_info: OpenJDK 64-Bit Server VM (17.0.12+7) for windows-amd64 JRE (17.0.12+7), built on Jul 16 2024 22:08:24 by "admin" with MS VC++ 16.10 / 16.11 (VS2019)

END.
